C:\Users\Harold Ligon\Documents\Coding\SparQDigital\MyMobileApps\BuddyBoard\scripts\make_appstore_json.ps1 : Usage: set 
KEY_ID, ISSUER_ID and P8_FILE environment variables and run this script
At line:1 char:1
+ & .\scripts\make_appstore_json.ps1 -Verbose -ErrorAction Stop *>&1 |  ...
+ ~~~~~~~~~~~~~~~~~~~~~~~~~~~~~~~~~~~~~~~~~~~~~~~~~~~~~~~~~~~~~~~~~~
    + CategoryInfo          : NotSpecified: (:) [Write-Error], WriteErrorException
    + FullyQualifiedErrorId : Microsoft.PowerShell.Commands.WriteErrorException,make_appstore_json.ps1
 
